AQ0MS0	ADJ
AQ0MSP	ADJ
AQ0MP0	ADJ
AQ0MPP	ADJ
AQ0MN0	ADJ
AQ0MNP	ADJ
AQ0FS0	ADJ
AQ0FSP	ADJ
AQ0FP0	ADJ
AQ0FPP	ADJ
AQ0FN0	ADJ
AQ0FNP	ADJ
AQ0CS0	ADJ
AQ0CSP	ADJ
AQ0CP0	ADJ
AQ0CPP	ADJ
AQ0CN0	ADJ
AQ0CNP	ADJ
AQAMS0	ADJ
AQAMSP	ADJ
AQAMP0	ADJ
AQAMPP	ADJ
AQAMN0	ADJ
AQAMNP	ADJ
AQAFS0	ADJ
AQAFSP	ADJ
AQAFP0	ADJ
AQAFPP	ADJ
AQAFN0	ADJ
AQAFNP	ADJ
AQACS0	ADJ
AQACSP	ADJ
AQACP0	ADJ
AQACPP	ADJ
AQACN0	ADJ
AQACNP	ADJ
AQDMS0	ADJ
AQDMSP	ADJ
AQDMP0	ADJ
AQDMPP	ADJ
AQDMN0	ADJ
AQDMNP	ADJ
AQDFS0	ADJ
AQDFSP	ADJ
AQDFP0	ADJ
AQDFPP	ADJ
AQDFN0	ADJ
AQDFNP	ADJ
AQDCS0	ADJ
AQDCSP	ADJ
AQDCP0	ADJ
AQDCPP	ADJ
AQDCN0	ADJ
AQDCNP	ADJ
AQCMS0	ADJ
AQCMSP	ADJ
AQCMP0	ADJ
AQCMPP	ADJ
AQCMN0	ADJ
AQCMNP	ADJ
AQCFS0	ADJ
AQCFSP	ADJ
AQCFP0	ADJ
AQCFPP	ADJ
AQCFN0	ADJ
AQCFNP	ADJ
AQCCS0	ADJ
AQCCSP	ADJ
AQCCP0	ADJ
AQCCPP	ADJ
AQCCN0	ADJ
AQCCNP	ADJ
AQSMS0	ADJ
AQSMSP	ADJ
AQSMP0	ADJ
AQSMPP	ADJ
AQSMN0	ADJ
AQSMNP	ADJ
AQSFS0	ADJ
AQSFSP	ADJ
AQSFP0	ADJ
AQSFPP	ADJ
AQSFN0	ADJ
AQSFNP	ADJ
AQSCS0	ADJ
AQSCSP	ADJ
AQSCP0	ADJ
AQSCPP	ADJ
AQSCN0	ADJ
AQSCNP	ADJ
AO0MS0	ADJ
AO0MSP	ADJ
AO0MP0	ADJ
AO0MPP	ADJ
AO0MN0	ADJ
AO0MNP	ADJ
AO0FS0	ADJ
AO0FSP	ADJ
AO0FP0	ADJ
AO0FPP	ADJ
AO0FN0	ADJ
AO0FNP	ADJ
AO0CS0	ADJ
AO0CSP	ADJ
AO0CP0	ADJ
AO0CPP	ADJ
AO0CN0	ADJ
AO0CNP	ADJ
AOAMS0	ADJ
AOAMSP	ADJ
AOAMP0	ADJ
AOAMPP	ADJ
AOAMN0	ADJ
AOAMNP	ADJ
AOAFS0	ADJ
AOAFSP	ADJ
AOAFP0	ADJ
AOAFPP	ADJ
AOAFN0	ADJ
AOAFNP	ADJ
AOACS0	ADJ
AOACSP	ADJ
AOACP0	ADJ
AOACPP	ADJ
AOACN0	ADJ
AOACNP	ADJ
AODMS0	ADJ
AODMSP	ADJ
AODMP0	ADJ
AODMPP	ADJ
AODMN0	ADJ
AODMNP	ADJ
AODFS0	ADJ
AODFSP	ADJ
AODFP0	ADJ
AODFPP	ADJ
AODFN0	ADJ
AODFNP	ADJ
AODCS0	ADJ
AODCSP	ADJ
AODCP0	ADJ
AODCPP	ADJ
AODCN0	ADJ
AODCNP	ADJ
AOCMS0	ADJ
AOCMSP	ADJ
AOCMP0	ADJ
AOCMPP	ADJ
AOCMN0	ADJ
AOCMNP	ADJ
AOCFS0	ADJ
AOCFSP	ADJ
AOCFP0	ADJ
AOCFPP	ADJ
AOCFN0	ADJ
AOCFNP	ADJ
AOCCS0	ADJ
AOCCSP	ADJ
AOCCP0	ADJ
AOCCPP	ADJ
AOCCN0	ADJ
AOCCNP	ADJ
AOSMS0	ADJ
AOSMSP	ADJ
AOSMP0	ADJ
AOSMPP	ADJ
AOSMN0	ADJ
AOSMNP	ADJ
AOSFS0	ADJ
AOSFSP	ADJ
AOSFP0	ADJ
AOSFPP	ADJ
AOSFN0	ADJ
AOSFNP	ADJ
AOSCS0	ADJ
AOSCSP	ADJ
AOSCP0	ADJ
AOSCPP	ADJ
AOSCN0	ADJ
AOSCNP	ADJ
AQ0CC0	ADJ
SPS00	ADP
SPCMS	ADP
RG	ADV
RN	ADV
CC	CONJ
CS	CONJ
DD0MS0	DET
DD0MP0	DET
DD0FS0	DET
DD0FP0	DET
DD0CS0	DET
DD0CP0	DET
DP1CSS	DET
DP1CPS	DET
DP2CSS	DET
DP2CPS	DET
DP3CS0	DET
DP3CP0	DET
DP1FSP	DET
DP1FPP	DET
DP1MSP	DET
DP1MPP	DET
DP2FSP	DET
DP2FPP	DET
DP2MSP	DET
DP2MPP	DET
DT0MS0	DET
DT0MP0	DET
DT0FS0	DET
DT0FP0	DET
DT0CN0	DET
DE0MS0	DET
DE0MP0	DET
DE0FS0	DET
DE0FP0	DET
DE0CN0	DET
DI0MS0	DET
DI0MP0	DET
DI0FS0	DET
DI0FP0	DET
DI0CS0	DET
DI0CP0	DET
DI0CN0	DET
DA0MS0	DET
DA0MP0	DET
DA0NS0	DET
DA0FS0	DET
DA0FP0	DET
DN0CP0	DET
DA0CS0	DET
DN0FP0	DET
DN0FS0	DET
DE0CC0	DET
NCMS000	NOUN
NCFS000	NOUN
NCMP000	NOUN
NCFP000	NOUN
NCCS000	NOUN
NCCC000	NOUN
NCCP000	NOUN
NCMN000	NOUN
NCFN000	NOUN
NCMS00D	NOUN
NCFS00D	NOUN
NCMP00D	NOUN
NCFP00D	NOUN
NCMS00A	NOUN
NCFS00A	NOUN
NCMP00A	NOUN
NCFP00A	NOUN
NP00000	NOUN
NP00G00	NOUN
NP00O00	NOUN
NP00SP0	NOUN
NP00V00	NOUN
NCMC000	NOUN
NCFC000	NOUN
Z	NUM
Zd	NUM
Zm	NUM
Zp	NUM
Zu	NUM
P00CN000	PRON
PP1CSN00	PRON
PP1CS000	PRON
PP1CSO00	PRON
PP1CP000	PRON
PP1FP000	PRON
PP1MP000	PRON
PP1CSO00	PRON
PP2CS000	PRON
PP2CSO00	PRON
PP2CSN00	PRON
PP2CP000	PRON
PP2CS00P	PRON
PP2CP00P	PRON
PP3CN00P	PRON
PP2FP000	PRON
PP2MP000	PRON
PP2CNO00	PRON
PP3MS000	PRON
PP3FS000	PRON
PP3FP000	PRON
PP3NS000	PRON
PP3MP000	PRON
PP3FSA00	PRON
PP3FPA00	PRON
PP3MSA00	PRON
PP3CNA00	PRON
PP3MPA00	PRON
PP3CSD00	PRON
PP3CPD00	PRON
PP3CN000	PRON
PP3CNO00	PRON
PP3CNO00	PRON
PD0FP000	PRONPD0FS000	PRONPD0MP000	PRONPD0MS000	PRONPD0NS000	PRON
PD0CS000	PRON
PD0CP000	PRON
PX1FS0S0	PRON
PX1FP0S0	PRON
PX1MS0S0	PRON
PX1MP0S0	PRON
PX1NS0S0	PRON
PX1FS0P0	PRON
PX1FP0P0	PRON
PX1MS0P0	PRON
PX1MP0P0	PRON
PX1NS0P0	PRON
PX3FS000	PRON
PX3FP000	PRON
PX3MS000	PRON
PX3MP000	PRON
PX3NS000	PRON
PX2FS0S0	PRON
PX2FP0S0	PRON
PX2MS0S0	PRON
PX2MP0S0	PRON
PX2NS0S0	PRON
PX2FS0P0	PRON
PX2FP0P0	PRON
PX2MS0P0	PRON
PX2MP0P0	PRON
PX2NS0P0	PRON
PI0CS000	PRON
PI0FS000	PRON
PI0FP000	PRON
PI0MS000	PRON
PI0MP000	PRON
PI0CP000	PRON
PT000000	PRON
PT0CS000	PRON
PT0CP000	PRON
PT0FS000	PRON
PT0FP000	PRON
PT0MS000	PRON
PT0MP000	PRON
PR000000	PRON
PR0CS000	PRON
PR0CP000	PRON
PR0FS000	PRON
PR0FP000	PRON
PR0MS000	PRON
PR0MP000	PRON
PR0CN000	PRON
PE000000	PRON
P00CC000	PRON
P03CC000	PRON
PR0CC000	PRON
PN0MS000	PRON
PP3CCO00	PRON
PP3CS000	PRON
VMIP3PC	VERB
VMIP3PC	VERB
VMIP1S0	VERB
VMIP2S0	VERBVMIP3S0	VERBVMIP1P0	VERBVMIP2P0	VERBVMIP3P0	VERB
VMII1S0	VERB
VMII2S0	VERBVMII3S0	VERBVMII1P0	VERBVMII2P0	VERBVMII3P0	VERB
VMIS1S0	VERBVMIS2S0	VERBVMIS3S0	VERBVMIS1P0	VERBVMIS2P0	VERBVMIS3P0	VERBVMIF1S0	VERBVMIF2S0	VERBVMIF3S0	VERBVMIF1P0	VERBVMIF2P0	VERBVMIF3P0	VERBVMIC1S0	VERBVMIC2S0	VERBVMIC3S0	VERBVMIC1P0	VERBVMIC2P0	VERBVMIC3P0	VERBVMSP1S0	VERBVMSP2S0	VERBVMSP3S0	VERBVMSP1P0	VERBVMSP2P0	VERBVMSP3P0	VERBVMSI1S0	VERBVMSI2S0	VERBVMSI3S0	VERBVMSI1P0	VERBVMSI2P0	VERBVMSI3P0	VERBVMSI1S0	VERBVMSI2S0	VERBVMSI3S0	VERBVMSI1P0	VERBVMSI2P0	VERBVMSI3P0	VERBVMSF1S0	VERBVMSF2S0	VERBVMSF3S0	VERBVMSF1P0	VERBVMSF2P0	VERBVMSF3P0	VERBVMG0000	VERBVMM02S0	VERBVMM03S0	VERBVMM01P0	VERBVMM02P0	VERBVMM03P0	VERBVMN0000	VERBVMP00SF	VERBVMP00SM	VERBVMP00PF	VERBVMP00PM	VERB
VAIP1S0	VERBVAIP2S0	VERBVAIP3S0	VERBVAIP1P0	VERBVAIP2P0	VERBVAIP3P0	VERBVAII1S0	VERBVAII2S0	VERBVAII3S0	VERBVAII1P0	VERBVAII2P0	VERBVAII3P0	VERBVAIS1S0	VERBVAIS2S0	VERBVAIS3S0	VERBVAIS1P0	VERBVAIS2P0	VERBVAIS3P0	VERBVAIF1S0	VERBVAIF2S0	VERBVAIF3S0	VERBVAIF1P0	VERBVAIF2P0	VERBVAIF3P0	VERBVAIC1S0	VERBVAIC2S0	VERBVAIC3S0	VERBVAIC1P0	VERBVAIC2P0	VERBVAIC3P0	VERBVASP1S0	VERBVASP2S0	VERBVASP3S0	VERBVASP1P0	VERBVASP2P0	VERBVASP3P0	VERBVASI1S0	VERBVASI2S0	VERBVASI3S0	VERBVASI1P0	VERBVASI2P0	VERBVASI3P0	VERBVASI1S0	VERBVASI2S0	VERBVASI3S0	VERBVASI1P0	VERBVASI2P0	VERBVASI3P0	VERBVASF1S0	VERBVASF2S0	VERBVASF3S0	VERBVASF1P0	VERBVASF2P0	VERBVASF3P0	VERBVAG0000	VERBVAM02S0	VERBVAM03S0	VERBVAM01P0	VERBVAM02P0	VERBVAM03P0	VERBVAN0000	VERBVAP00SF	VERBVAP00SM	VERBVAP00PF	VERBVAP00PM	VERB
VSIP1S0	VERBVSIP2S0	VERBVSIP3S0	VERBVSIP1P0	VERBVSIP2P0	VERBVSIP3P0	VERBVSII1S0	VERBVSII2S0	VERBVSII3S0	VERBVSII1P0	VERBVSII2P0	VERBVSII3P0	VERBVSIS1S0	VERBVSIS2S0	VERBVSIS3S0	VERBVSIS1P0	VERBVSIS2P0	VERBVSIS3P0	VERBVSIF1S0	VERBVSIF2S0	VERBVSIF3S0	VERBVSIF1P0	VERBVSIF2P0	VERBVSIF3P0	VERBVSIC1S0	VERBVSIC2S0	VERBVSIC3S0	VERBVSIC1P0	VERBVSIC2P0	VERBVSIC3P0	VERBVSSP1S0	VERBVSSP2S0	VERBVSSP3S0	VERBVSSP1P0	VERBVSSP2P0	VERBVSSP3P0	VERBVSSI1S0	VERBVSSI2S0	VERBVSSI3S0	VERBVSSI1P0	VERBVSSI2P0	VERBVSSI3P0	VERBVSSI1S0	VERBVSSI2S0	VERBVSSI3S0	VERBVSSI1P0	VERBVSSI2P0	VERBVSSI3P0	VERBVSSF1S0	VERBVSSF2S0	VERBVSSF3S0	VERBVSSF1P0	VERBVSSF2P0	VERBVSSF3P0	VERBVSG0000	VERBVSM02S0	VERBVSM03S0	VERBVSM01P0	VERBVSM02P0	VERBVSM03P0	VERBVSN0000	VERBVSP00SM	VERB
VMN0000+PP3CN000	VERB
VMG0000+PP3CN000	VERB
VMN0000+PP3FSA00	VERB
I	X
W	X
Faa	.
Fat	.
Fc	.
Fca	.
Fct	.
Fd	.
Fe	.
Fg	.
Fh	.
Fia	.
Fit	.
Fla	.
Flt	.
Fp	.
Fpa	.
Fpt	.
Fra	.
Frc	.
Fs	.
Ft	.
Fx	.
Fz	.
