AFP	DET
AFS	DET
AMP	DET
AMS	DET
ANS*	DET
ANS	DET
B	X
C	CONJ
D	ADV
D4	ADV
D5	ADV
D6	ADV
DLD	.
DLE	.
E6--FP	DET
E6--FS	DET
E6--MP	DET
EC--66	DET
EC--6P	DET
EC--6S	DET
EC--F6	DET
EC--M6	DET
EC--FP	DET
EC--FS	DET
EC--MP	DET
EC--MS	DET
ED--FP	DET
ED--FS	DET
ED--MP	DET
ED--MS	DET
EF--6P	DET
EF--6S	DET
EF--FP	DET
EF--FS	DET
EF--MP	DET
EF--MS	DET
EN--66*	DET
EN--66	DET
EN--6P	DET
EN--6S	DET
EN--F6*	DET
EN--F6	DET
EN--M6*	DET
EN--M6	DET
EN--FP	DET
EN--FS	DET
EN--MP	DET
EN--MS	DET
EO--FP	DET
EO--FS	DET
EO--MP	DET
EO--MS	DET
EP63MP	DET
EP63FP	DET
EP63FS	DET
EP63MS	DET
EP11FP	DET
EP11FS	DET
EP11MP	DET
EP11MS	DET
EP12FP	DET
EP12FS	DET
EP12MP	DET
EP12MS	DET
EP13FP	DET
EP13FS	DET
EP13MP	DET
EP13MS	DET
EP21FP	DET
EP21FS	DET
EP21MP	DET
EP21MS	DET
EP22FP	DET
EP22FS	DET
EP22MP	DET
EP22MS	DET
EP23FP	DET
EP23FS	DET
EP23MP	DET
EP23MS	DET
ER--FP	DET
ER--FS	DET
ER--MP	DET
ER--MS	DET
ET--66* DET
ET--66 DET
ET--6P* DET
ET--6P DET
ET--6S*	DET
ET--6S DET
ET--F6*	DET
ET--F6 DET
ET--FP	DET
ET--FS	DET
ET--M6	DET
ET--MP	DET
ET--MS	DET
HFP	ADJ
HFS	ADJ
HMP	ADJ
HMS	ADJ
I	X
J6--MS*	ADJ
J6--MS	ADJ
JC--MS*	ADJ
JC--MS	ADJ
JN--6S	ADJ
JN--6P	ADJ
JN--FP	ADJ
JN--FS	ADJ
JN--MP	ADJ
JN--MS	ADJ
JO--MS*	ADJ
JO--MS	ADJ
JP636P*	ADJ
JP636P	ADJ
JP636S*	ADJ
JP636S	ADJ
JP63FP	ADJ
JP63FS	ADJ
JP63MP	ADJ
JP63MS	ADJ
JP116P*	ADJ
JP116P	ADJ
JP116S*	ADJ
JP116S	ADJ
JP11MP	ADJ
JP11MS	ADJ
JP11FP	ADJ
JP11FS	ADJ
JP126P*	ADJ
JP126P	ADJ
JP126S*	ADJ
JP126S	ADJ
JP126S*	ADJ
JP126S	ADJ
JP12FP	ADJ
JP12FS	ADJ
JP12MP	ADJ
JP12MS	ADJ
JP136P*	ADJ
JP136P	ADJ
JP136S*	ADJ
JP136S	ADJ
JP13FP	ADJ
JP13FS	ADJ
JP13MP	ADJ
JP13MS	ADJ
JP236P	ADJ
JP236P	ADJ
JP236S	ADJ
JP23FP	ADJ
JP23FS	ADJ
JP23MP	ADJ
JP23MS	ADJ
JQ--66	ADJ
JQ--6P	ADJ
JQ--6S	ADJ
JQ--F6	ADJ
JQ--M6	ADJ
JQ--FP	ADJ
JQ--FS	ADJ
JQ--MP	ADJ
JQ--MS	ADJ
LC	CONJ
LD	ADV
LP	ADP
N4666	NOUN
N4B66	NOUN
N4BFP	NOUN
N4BFS	NOUN
N4BMP	NOUN
N4BMS	NOUN
N4C66	NOUN
N4CFP	NOUN
N4CFS	NOUN
N4CMP	NOUN
N4CMS	NOUN
N4G66	NOUN
N4GFP	NOUN
N4GFS	NOUN
N4GMP	NOUN
N4GMS	NOUN
N4N66	NOUN
N4NFP	NOUN
N4NFS	NOUN
N4NMP	NOUN
N4NMS	NOUN
N4O66	NOUN
N4OFP	NOUN
N4OFS	NOUN
N4OMP	NOUN
N4OMS	NOUN
N4P66	NOUN
N4PFP	NOUN
N4PFS	NOUN
N4PMP	NOUN
N4PMS	NOUN
N4R66	NOUN
N4RFP	NOUN
N4RFS	NOUN
N4RMP	NOUN
N4RMS	NOUN
N5-66	NOUN
N5-6P	NOUN
N5-6S	NOUN
N5-F6	NOUN
N5-FP	NOUN
N5-FS	NOUN
N5-M6	NOUN
N5-MP	NOUN
N5-MS	NOUN
P	ADP
P_AMS	ADP
R6-----	PRON
RD---NS*	PRON
RD---NS	PRON
RD---FP*	PRON
RD---FP	PRON
RD---FS*	PRON
RD---FS	PRON
RD---MP*	PRON
RD---MP	PRON
RD---MS*	PRON
RD---MS	PRON
REE616P	PRON
REE616S	PRON
REE61FP	PRON
REE61FS	PRON
REE61MP	PRON
REE61MS	PRON
REE626P	PRON
REE626S	PRON
REE62FP	PRON
REE62FS	PRON
REE62MP	PRON
REE62MS	PRON
REE6366	PRON
REE636P	PRON
REE636S	PRON
REE63F6	PRON
REE63FP	PRON
REE63FS	PRON
REE63M6	PRON
REE63MP	PRON
REE63MS	PRON
REEC16P	PRON
REEC16S	PRON
REEC1FP	PRON
REEC1FS	PRON
REEC1MP	PRON
REEC1MS	PRON
REEC26P	PRON
REEC26S	PRON
REEC2FP	PRON
REEC2FS	PRON
REEC2MP	PRON
REEC2MS	PRON
REEC366	PRON
REEC36P	PRON
REEC36S	PRON
REEC3F6	PRON
REEC3FP	PRON
REEC3FS	PRON
REEC3M6	PRON
REEC3MP	PRON
REEC3MS	PRON
REED16P	PRON
REED16S	PRON
REED1FP	PRON
REED1FS	PRON
REED1MP	PRON
REED1MS	PRON
REED26P	PRON
REED26S	PRON
REED2FP	PRON
REED2FS	PRON
REED2MP	PRON
REED2MS	PRON
REED366	PRON
REED36P	PRON
REED36S	PRON
REED3F6	PRON
REED3FP	PRON
REED3FS	PRON
REED3M6	PRON
REED3MP	PRON
REED3MS	PRON
REO-16S	PRON
REO-1FP	PRON
REO-1FS	PRON
REO-1MP	PRON
REO-1MS	PRON
REO-26P	PRON
REO-26S	PRON
REO-2FP	PRON
REO-2FS	PRON
REO-2MP	PRON
REO-2MS	PRON
REO-366	PRON
REO-36P	PRON
REO-36S	PRON
REO-3F6	PRON
REO-3FP	PRON
REO-3FS	PRON
REO-3MP	PRON
REO-3MS	PRON
REO-3M6	PRON
REO-3NS*	PRON
REO-3NS	PRON
REO-3NS	PRON
REN-----	PRON
RN---6P*	PRON
RN---6P	PRON
RN---6S*	PRON
RN---6S	PRON
RN---FP*	PRON
RN---FP	PRON
RN---FS*	PRON
RN---FS	PRON
RN---MP*	PRON
RN---MP	PRON
RN---MS*	PRON
RN---MS	PRON
RN-----	PRON
RP-----	PRON
RR---66	PRON
RR---6P	PRON
RR---6S	PRON
RR---F6	PRON
RR---FP	PRON
RR---FS	PRON
RR---M6	PRON
RR---MP	PRON
RR---MS	PRON
RT---6P*	PRON
RT---6P	PRON
RT---6S*	PRON
RT---6S	PRON
RT---FP*	PRON
RT---FP	PRON
RT---FS*	PRON
RT---FS	PRON
RT---MP*	PRON
RT---MP	PRON
RT---MS*	PRON
RT---MS	PRON
R6EZZZZ	PRON
SENT	.
SENTF	.
T	X
V66666	VERB
V8R6S	VERB
V9R6S	VERB
V9R1P-	VERB
V9R3P-*	VERB
V9R3P-	VERB
VC--PF	VERB
VCFP	VERB
VC--SF	VERB
VCFS	VERB
VC--PM	VERB
VCMP	VERB
VC--SM	VERB
VCMS	VERB
VD61P-	VERB
VDA6S-	VERB
VDA1P-*	VERB
VDA1P-	VERB
VDA1S-	VERB
VDA2P-	VERB
VDA2S-	VERB
VDA3P-	VERB
VDA3S-	VERB
VDC6S-	VERB
VDC1P-	VERB
VDC1S-	VERB
VDC2P-	VERB
VDC2S-	VERB
VDC3P-	VERB
VDC3S-	VERB
VDP1P-	VERB
VDP1S-	VERB
VDP2P-	VERB
VDP2S-	VERB
VDP3P-	VERB
VDP3S-	VERB
VDR1P-	VERB
VDR1S-	VERB
VDR2P-	VERB
VDR2S-	VERB
VDR3P-	VERB
VDR3S-	VERB
VDU1P-	VERB
VDU1S-	VERB
VDU2P-	VERB
VDU2S-	VERB
VDU3P-	VERB
VDU3S-	VERB
VG----	VERB
VI----	VERB
VJA6S-	VERB
VJA1P-	VERB
VJA1S-	VERB
VJA2P-	VERB
VJA2S-	VERB
VJA3P-	VERB
VJA3S-	VERB
VJR1P-	VERB
VJR1S-	VERB
VJR2P-	VERB
VJR2S-	VERB
VJR3P-	VERB
VJR3S-	VERB
VJU6S-*	VERB
VJR6S-	VERB
VJU1P-*	VERB
VJU1P-	VERB
VJU1S-*	VERB
VJU1S-	VERB
VJU2P-*	VERB
VJU2P-	VERB
VJU2S-*	VERB
VJU2S-	VERB
VJU3P-*	VERB
VJU3P-	VERB
VJU3S-*	VERB
VJU3S-	VERB
VRR1P-	VERB
VRR2P-	VERB
VRR2S-	VERB
VRR3P-	VERB
VRR3S-	VERB
W	X
X	NUM
