AP_EC	PRT
AP_ETM	PRT
AP_IC	X
AP_JKB	PRT
AP_JKC	PRT
AP_JKG	PRT
AP_JKO	PRT
AP_JKQ	PRT
AP_JKS	PRT
AP_JX	PRT
AP_MAC	ADV
AP_MAG	ADV
AP_MAJ	ADV
AP_NNG	NOUN
AP_SE	.
AP_SF	.
AP_SO	.
AP_SP	.
AP_SS	.
AP_XSN	PRT
DP_ETM	PRT
DP_JKB	PRT
DP_JKG	PRT
DP_JKO	PRT
DP_JKS	PRT
DP_JX	PRT
DP_MM	ADJ
DP_NNB	NOUN
DP_NNG	NOUN
DP_NNP	NOUN
DP_NR	NUM
DP_SE	.
DP_SS	.
DP_XSN	PRT
IC_SS	X
INT_IC	X
IP_IC	X
IP_JKB	PRT
IP_JKO	PRT
IP_JKQ	PRT
IP_JX	PRT
IP_MAG	ADV
IP_NNG	NOUN
IP_NP	PRON
IP_SE	.
IP_SF	.
IP_SO	.
IP_SS	.
IP_XSN	PRT
L_JKB	PRT
L_JKG	PRT
L_JKQ	PRT
L_NNG	NOUN
L_NNP	NOUN
L_SS	.
L_SW	X
L_XSN	PRT
NP_EC	PRT
NP_EF	PRT
NP_ETM	PRT
NP_ETN	PRT
NP_IC	X
NP_JC	PRT
NP_JKB	PRT
NP_JKC	PRT
NP_JKG	PRT
NP_JKO	PRT
NP_JKQ	PRT
NP_JKS	PRT
NP_JKV	PRT
NP_JX	PRT
NP_MAG	ADV
NP_MAJ	ADV
NP_MM	ADJ
NP_NA	NOUN
NP_NNB	NOUN
NP_NNG	NOUN
NP_NNP	NOUN
NP_NP	PRON
NP_NR	NUM
NP_SE	NOUN
NP_SF	NOUN
NP_SH	NOUN
NP_SL	X
NP_SN	NUM
NP_SO	.
NP_SP	.
NP_SS	.
NP_SW	X
NP_VX_JKB	PRT
NP_VX_JKC	PRT
NP_VX_JKO	PRT
NP_VX_JX	PRT
NP_XPN	PRT
NP_XR	PRT
NP_XSN	PRT
R_SP	.
R_SS	.
R_SW	X
S_ETM	.
S_JX	.
S_NNG	NOUN
S_SF	.
S_SP	.
VA_ETM	ADJ
VCP_EC	VERB
VCP_ETM	VERB
VNP_EC	PRT
VNP_EF	PRT
VNP_ETM	PRT
VNP_ETN	PRT
VNP_JC	PRT
VNP_JKB	PRT
VNP_JKC	PRT
VNP_JKG	PRT
VNP_JKO	PRT
VNP_JKQ	PRT
VNP_JKS	PRT
VNP_JX	PRT
VNP_NNP	NOUN
VNP_SE	.
VNP_SF	.
VNP_SL	X
VNP_SP	.
VNP_SS	.
VNP_VX_EC	PRT
VNP_XSN	PRT
VP_EC	PRT
VP_EF	PRT
VP_EP	PRT
VP_ETM	PRT
VP_ETN	PRT
VP_IC	X
VP_JC	PRT
VP_JKB	PRT
VP_JKC	PRT
VP_JKG	PRT
VP_JKO	PRT
VP_JKQ	PRT
VP_JKS	PRT
VP_JX	PRT
VP_MAG	ADV
VP_MAJ	ADV
VP_MM	ADJ
VP_MOD	ADV
VP_NA	NOUN
VP_NNB	NOUN
VP_SE	.
VP_SF	.
VP_SL	X
VP_SN	NUM
VP_SO	.
VP_SP	.
VP_SS	.
VP_VV	VERB
VP_VX_EC	PRT
VP_VX_EF	PRT
VP_VX_ETM	PRT
VP_VX_ETN	PRT
VP_VX_JKB	PRT
VP_VX_JKC	PRT
VP_VX_JKG	PRT
VP_VX_JKO	PRT
VP_VX_JKQ	PRT
VP_VX_JKS	PRT
VP_VX_JX	PRT
VP_VX_SE	.
VP_VX_SP	.
VP_VX_SS	.
VP_XSN	PRT
X_EC	PRT
X_ETM	PRT
X_JC	PRT
X_JKB	PRT
X_JKC	PRT
X_JKG	PRT
X_JKO	PRT
X_JKQ	PRT
X_JKS	PRT
X_JX	PRT
X_SE	.
X_SF	.
X_SO	.
X_SP	.
X_SS	.
X_SW	.
X_XSN	PRT
