A	ADJ
Caa	CONJ
Caa[+P2]	CONJ
Caa[P1]	CONJ
Caa[P1}	CONJ
Caa[P2]	CONJ
Caa[P2}	CONJ
Cab	CONJ
Cbaa	CONJ
Cbab	CONJ
Cbba	CONJ
Cbbb	CONJ
Cbca	CONJ
Cbcb	CONJ
DE	X
DM	NUM
Daa	ADV
Dab	ADV
Dbaa	ADV
Dbab	ADV
Dbb	ADV
Dbc	ADV
Dc	ADV
Dd	ADV
Dfa	ADV
Dfb	ADV
Dg	ADV
Dh	ADV
Di	ADV
Dj	ADV
Dk	ADV
I	X
Naa	NOUN
Naa[+SPO]	NOUN
Nab	NOUN
Nab[+SPO]	NOUN
Nac	NOUN
Nac[+SPO]	NOUN
Nad	NOUN
Nad[+SPO]	NOUN
Naea	NOUN
Naeb	NOUN
Nba	NOUN
Nbc	NOUN
Nca	NOUN
Ncb	NOUN
Ncc	NOUN
Ncda	NOUN
Ncdb	NOUN
Nce	NOUN
Ndaaa	NOUN
Ndaab	NOUN
Ndaac	NOUN
Ndaad	NOUN
Ndaba	NOUN
Ndabb	NOUN
Ndabc	NOUN
Ndabd	NOUN
Ndabe	NOUN
Ndabf	NOUN
Ndbb	NOUN
Ndc	NOUN
Ndda	NOUN
Nddb	NOUN
Nddc	NOUN
Nep	DET
Neqa	DET
Neqb	DET
Nes	DET
Neu	DET
Nfa	NOUN
Nfc	NOUN
Nfd	NOUN
Nfe	NOUN
Nfg	NOUN
Nfh	NOUN
Nfi	NOUN
Ng	ADP
Nhaa	PRON
Nhab	PRON
Nhac	PRON
Nhb	PRON
Nhc	PRON
Nv1	NOUN
Nv2	NOUN
Nv3	NOUN
Nv4	NOUN
P01	ADP
P02	ADP
P03	ADP
P04	ADP
P06	ADP
P06[+part]	ADP
P06[P1]	ADP
P06[P2]	ADP
P07	ADP
P08	ADP
P08[+part]	ADP
P09	ADP
P10	ADP
P11	ADP
P11[+part]	ADP
P11[P1]	ADP
P11[P2]	ADP
P12	ADP
P13	ADP
P14	ADP
P15	ADP
P16	ADP
P17	ADP
P18	ADP
P18[+part]	ADP
P19	ADP
P19[+part]	ADP
P19[P1]	ADP
P19[P2]	ADP
P20	ADP
P20[+part]	ADP
P21	ADP
P21[+part]	ADP
P22	ADP
P23	ADP
P24	ADP
P25	ADP
P26	ADP
P27	ADP
P28	ADP
P29	ADP
P30	ADP
P31	ADP
P31[+P1]	ADP
P31[+P2]	ADP
P31[+part]	ADP
P31[P1]	ADP
P31[P2]	ADP
P31[part]	ADP
P32	ADP
P32[+part]	ADP
P35	ADP
P35[+part]	ADP
P36	ADP
P37	ADP
P38	ADP
P39	ADP
P40	ADP
P41	ADP
P42	ADP
P42[+part]	ADP
P43	ADP
P44	ADP
P45	ADP
P46	ADP
P46[+part]	ADP
P47	ADP
P48	ADP
P48[+part]	ADP
P49	ADP
P50	ADP
P51	ADP
P52	ADP
P53	ADP
P54	ADP
P55	ADP
P55[+part]	ADP
P58	ADP
P59	ADP
P59[+part]	ADP
P60	ADP
P61	ADP
P62	ADP
P63	ADP
P64	ADP
P65	ADP
P66	ADP
P93	ADP
Str	X
Ta	PRT
Tb	PRT
Tc	PRT
Td	PRT
VA	VERB
VA11	VERB
VA11[+ASP]	VERB
VA11[+NEG]	VERB
VA12	VERB
VA12[+NEG]	VERB
VA12[+SPV]	VERB
VA13	VERB
VA13[+ASP]	VERB
VA2	VERB
VA2[+ASP]	VERB
VA2[+SPV]	VERB
VA3	VERB
VA3[+ASP]	VERB
VA4	VERB
VA4[+ASP]	VERB
VA4[+NEG,+ASP]	VERB
VA4[+NEG]	VERB
VA4[+SPV]	VERB
VB11	VERB
VB11[+ASP]	VERB
VB11[+DE]	VERB
VB11[+NEG]	VERB
VB11[+SPV]	VERB
VB12	VERB
VB12[+ASP]	VERB
VB12[+NEG]	VERB
VB2	VERB
VB2[+ASP]	VERB
VB2[+NEG]	VERB
VC1	VERB
VC1[+NEG]	VERB
VC1[+SPV]	VERB
VC2	VERB
VC2[+ASP]	VERB
VC2[+DE]	VERB
VC2[+NEG]	VERB
VC2[+SPV]	VERB
VC31	VERB
VC31[+ASP]	VERB
VC31[+DE,+ASP]	VERB
VC31[+DE]	VERB
VC31[+NEG]	VERB
VC31[+SPV]	VERB
VC32	VERB
VC32[+DE]	VERB
VC32[+SPV]	VERB
VC33	VERB
VD1	VERB
VD2	VERB
VD2[+NEG]	VERB
VE11	VERB
VE12	VERB
VE2	VERB
VE2[+DE]	VERB
VE2[+NEG]	VERB
VE2[+SPV]	VERB
VF1	VERB
VF2	VERB
VG1	VERB
VG1[+NEG]	VERB
VG2	VERB
VG2[+DE]	VERB
VG2[+NEG]	VERB
VH11	VERB
VH11[+ASP]	VERB
VH11[+DE]	VERB
VH11[+NEG]	VERB
VH11[+SPV]	VERB
VH11[+asp]	VERB
VH12	VERB
VH12[+ASP]	VERB
VH13	VERB
VH14	VERB
VH15	VERB
VH15[+NEG]	VERB
VH16	VERB
VH16[+ASP]	VERB
VH16[+NEG]	VERB
VH16[+SPV]	VERB
VH17	VERB
VH21	VERB
VH21[+ASP]	VERB
VH21[+DE]	VERB
VH21[+Dbab]	VERB
VH21[+NEG]	VERB
VH22	VERB
VI1	VERB
VI2	VERB
VI2[+ASP]	VERB
VI3	VERB
VJ1	VERB
VJ1[+DE]	VERB
VJ1[+NEG]	VERB
VJ2	VERB
VJ2[+NEG]	VERB
VJ2[+SPV]	VERB
VJ3	VERB
VJ3[+DE]	VERB
VJ3[+NEG]	VERB
VK1	VERB
VK1[+ASP]	VERB
VK1[+DE]	VERB
VK1[+NEG]	VERB
VK2	VERB
VK2[+NEG]	VERB
VL1	VERB
VL2	VERB
VL3	VERB
VL4	VERB
VP	VERB
V_11	VERB
V_12	VERB
V_2	VERB
